integer      integer      integer      short     boolean         boolean      boolean       short[]                                                            string                                                             string                                                           
oid          indexrelid   indrelid     indnatts  indisclustered  indisunique  indisprimary  indkey                                                             indexprs                                                           indpred                                                          
61           61           56           1         false           true         true          [1]                                                                <null>                                                             <null>                                                           
66           66           63           1         false           true         true          [1]                                                                <null>                                                             <null>                                                           
71           71           68           1         false           true         true          [1]                                                                <null>                                                             <null>                                                           
79           79           73           1         false           true         true          [1]                                                                <null>                                                             <null>                                                           
81           81           73           1         false           false        false         [3]                                                                <null>                                                             <null>                                                           
88           88           83           2         false           true         true          [1, 2]                                                             <null>                                                             <null>                                                           
91           91           83           1         false           false        false         [2]                                                                <null>                                                             <null>                                                           
93           93           83           1         false           false        false         [1]                                                                <null>                                                             <null>                                                           
128          128          96           4         false           true         true          [1, 2, 3, 4]                                                       <null>                                                             <null>                                                           
133          133          96           3         false           false        false         [1, 2, 3]                                                          <null>                                                             <null>                                                           
137          137          96           1         false           true         false         [29]                                                               <null>                                                             <null>                                                           
159          159          139          1         false           true         true          [1]                                                                <null>                                                             <null>                                                           
161          161          139          1         false           true         false         [15]                                                               <null>                                                             <null>                                                           
179          179          163          4         false           true         true          [1, 2, 3, 5]                                                       <null>                                                             <null>                                                           
184          184          163          3         false           false        false         [1, 2, 3]                                                          <null>                                                             <null>                                                           
188          188          163          1         false           true         false         [14]                                                               <null>                                                             <null>                                                           
198          198          190          3         false           true         true          [1, 2, 3]                                                          <null>                                                             <null>                                                           
202          202          190          2         false           false        false         [1, 2]                                                             <null>                                                             <null>                                                           
205          205          190          1         false           true         false         [5]                                                                <null>                                                             <null>                                                           
226          226          215          4         false           true         true          [1, 2, 3, 4]                                                       <null>                                                             <null>                                                           
231          231          215          3         false           false        false         [1, 2, 3]                                                          <null>                                                             <null>                                                           
235          235          215          1         false           true         false         [8]                                                                <null>                                                             <null>                                                           
249          249          237          4         false           true         true          [1, 2, 3, 4]                                                       <null>                                                             <null>                                                           
254          254          237          3         false           false        false         [1, 2, 3]                                                          <null>                                                             <null>                                                           
258          258          237          1         false           true         false         [10]                                                               <null>                                                             <null>                                                           
277          277          260          4         false           true         true          [1, 2, 3, 4]                                                       <null>                                                             <null>                                                           
282          282          260          3         false           false        false         [1, 2, 3]                                                          <null>                                                             <null>                                                           
286          286          260          1         false           true         false         [14]                                                               <null>                                                             <null>                                                           
297          297          288          3         false           true         true          [1, 2, 3]                                                          <null>                                                             <null>                                                           
301          301          288          2         false           false        false         [1, 2]                                                             <null>                                                             <null>                                                           
304          304          288          1         false           true         false         [6]                                                                <null>                                                             <null>                                                           
312          312          306          2         false           true         false         [3, 1]                                                             <null>                                                             <null>                                                           
338          338          330          2         false           true         true          [1, 2]                                                             <null>                                                             <null>                                                           
341          341          330          1         false           true         false         [4]                                                                <null>                                                             <null>                                                           
349          349          343          1         false           true         true          [1]                                                                <null>                                                             <null>                                                           
365          365          351          3         false           true         true          [1, 2, 3]                                                          <null>                                                             <null>                                                           
369          369          351          2         false           false        false         [1, 2]                                                             <null>                                                             <null>                                                           
372          372          351          1         false           true         false         [8]                                                                <null>                                                             <null>                                                           
377          377          374          2         false           true         true          [1, 2]                                                             <null>                                                             <null>                                                           
397          397          387          3         false           true         true          [1, 2, 3]                                                          <null>                                                             <null>                                                           
407          407          401          3         false           true         true          [1, 2, 3]                                                          <null>                                                             <null>                                                           
411          411          401          1         false           true         false         [5]                                                                <null>                                                             <null>                                                           
423          423          413          4         false           true         true          [1, 2, 3, 4]                                                       <null>                                                             <null>                                                           
440          440          428          2         false           true         true          [2, 7]                                                             <null>                                                             <null>                                                           
446          446          443          1         false           true         true          [1]                                                                <null>                                                             <null>                                                           
454          454          448          3         false           true         true          [1, 2, 3]                                                          <null>                                                             <null>                                                           
458          458          448          1         false           true         false         [5]                                                                <null>                                                             <null>                                                           
525          525          519          2         false           true         true          [1, 3]                                                             <null>                                                             <null>                                                           
528          528          519          2         false           false        false         [2, 1]                                                             <null>                                                             <null>                                                           
539          539          531          3         false           true         true          [3, 4, 5]                                                          <null>                                                             <null>                                                           
543          543          531          2         false           false        false         [1, 2]                                                             <null>                                                             <null>                                                           
565          565          554          1         false           true         true          [1]                                                                <null>                                                             <null>                                                           
577          577          567          1         false           true         true          [1]                                                                <null>                                                             <null>                                                           
605          605          594          1         false           true         true          [1]                                                                <null>                                                             <null>                                                           
621          621          610          1         false           true         true          [1]                                                                <null>                                                             <null>                                                           
Row Count : 55
getColumnName   getColumnType  getCatalogName  getColumnClassName  getColumnLabel  getColumnTypeName  getSchemaName  getTableName  getColumnDisplaySize  getPrecision  getScale  isAutoIncrement  isCaseSensitive  isCurrency  isDefinitelyWritable  isNullable  isReadOnly  isSearchable  isSigned  isWritable  
oid             4              PartsSupplier   java.lang.Integer   oid             integer            pg_catalog     pg_index      11                    10            0         false            false            false       false                 1           true        true          true      false       
indexrelid      4              PartsSupplier   java.lang.Integer   indexrelid      integer            pg_catalog     pg_index      11                    10            0         false            false            false       false                 1           true        true          true      false       
indrelid        4              PartsSupplier   java.lang.Integer   indrelid        integer            pg_catalog     pg_index      11                    10            0         false            false            false       false                 1           true        true          true      false       
indnatts        5              PartsSupplier   java.lang.Short     indnatts        short              pg_catalog     pg_index      6                     5             0         false            false            false       false                 1           true        true          true      false       
indisclustered  -7             PartsSupplier   java.lang.Boolean   indisclustered  boolean            pg_catalog     pg_index      5                     1             0         false            false            false       false                 1           true        true          false     false       
indisunique     -7             PartsSupplier   java.lang.Boolean   indisunique     boolean            pg_catalog     pg_index      5                     1             0         false            false            false       false                 1           true        true          false     false       
indisprimary    -7             PartsSupplier   java.lang.Boolean   indisprimary    boolean            pg_catalog     pg_index      5                     1             0         false            false            false       false                 1           true        true          false     false       
indkey          2003           PartsSupplier   java.sql.Array      indkey          short[]            pg_catalog     pg_index      2147483647            4000          0         false            true             false       false                 1           true        true          false     false       
indexprs        12             PartsSupplier   java.lang.String    indexprs        string             pg_catalog     pg_index      4000                  4000          0         false            true             false       false                 1           true        true          false     false       
indpred         12             PartsSupplier   java.lang.String    indpred         string             pg_catalog     pg_index      4000                  4000          0         false            true             false       false                 1           true        true          false     false       
