integer      string                                                             integer       char     integer      float      integer      boolean      boolean   
oid          relname                                                            relnamespace  relkind  relam        reltuples  relpages     relhasrules  relhasoids
56           PARTSSUPPLIER.PARTS                                                55            r        0            0.0        0            false        false     
61           PK_PARTS                                                           55            i        0            0.0        0            false        false     
63           PARTSSUPPLIER.SHIP_VIA                                             55            r        0            0.0        0            false        false     
66           PK_SHIP_VIA                                                        55            i        0            0.0        0            false        false     
68           PARTSSUPPLIER.STATUS                                               55            r        0            0.0        0            false        false     
71           PK_STATUS                                                          55            i        0            0.0        0            false        false     
73           PARTSSUPPLIER.SUPPLIER                                             55            r        0            0.0        0            false        false     
79           PK_SUPPLIER                                                        55            i        0            0.0        0            false        false     
83           PARTSSUPPLIER.SUPPLIER_PARTS                                       55            r        0            0.0        0            false        false     
88           PK_SUPPLIER_PARTS                                                  55            i        0            0.0        0            false        false     
96           Columns                                                            95            r        0            0.0        0            false        false     
128          PK                                                                 95            i        0            0.0        0            false        false     
137          UNIQUE0                                                            95            i        0            0.0        0            false        false     
139          DataTypes                                                          95            r        0            0.0        0            false        false     
159          PK                                                                 95            i        0            0.0        0            false        false     
161          UNIQUE0                                                            95            i        0            0.0        0            false        false     
163          FunctionParams                                                     95            r        0            0.0        0            false        false     
179          PK                                                                 95            i        0            0.0        0            false        false     
188          UNIQUE0                                                            95            i        0            0.0        0            false        false     
190          Functions                                                          95            r        0            0.0        0            false        false     
198          PK                                                                 95            i        0            0.0        0            false        false     
205          UNIQUE0                                                            95            i        0            0.0        0            false        false     
207          GEOMETRY_COLUMNS                                                   95            v        0            0.0        0            false        false     
215          KeyColumns                                                         95            r        0            0.0        0            false        false     
226          PK                                                                 95            i        0            0.0        0            false        false     
235          UNIQUE0                                                            95            i        0            0.0        0            false        false     
237          Keys                                                               95            r        0            0.0        0            false        false     
249          PK                                                                 95            i        0            0.0        0            false        false     
258          UNIQUE0                                                            95            i        0            0.0        0            false        false     
260          ProcedureParams                                                    95            r        0            0.0        0            false        false     
277          PK                                                                 95            i        0            0.0        0            false        false     
286          UNIQUE0                                                            95            i        0            0.0        0            false        false     
288          Procedures                                                         95            r        0            0.0        0            false        false     
297          PK                                                                 95            i        0            0.0        0            false        false     
304          UNIQUE0                                                            95            i        0            0.0        0            false        false     
306          Properties                                                         95            r        0            0.0        0            false        false     
312          UNIQUE0                                                            95            i        0            0.0        0            false        false     
315          ReferenceKeyColumns                                                95            r        0            0.0        0            false        false     
330          Schemas                                                            95            r        0            0.0        0            false        false     
338          PK                                                                 95            i        0            0.0        0            false        false     
341          UNIQUE0                                                            95            i        0            0.0        0            false        false     
343          spatial_ref_sys                                                    95            v        0            0.0        0            false        false     
349          PK                                                                 95            i        0            0.0        0            false        false     
351          Tables                                                             95            r        0            0.0        0            false        false     
365          PK                                                                 95            i        0            0.0        0            false        false     
372          UNIQUE0                                                            95            i        0            0.0        0            false        false     
374          VirtualDatabases                                                   95            r        0            0.0        0            false        false     
377          PK                                                                 95            i        0            0.0        0            false        false     
387          MatViews                                                           386           r        0            0.0        0            false        false     
397          PK                                                                 386           i        0            0.0        0            false        false     
401          StoredProcedures                                                   386           r        0            0.0        0            false        false     
407          PK                                                                 386           i        0            0.0        0            false        false     
411          UNIQUE0                                                            386           i        0            0.0        0            false        false     
413          Triggers                                                           386           r        0            0.0        0            false        false     
423          PK                                                                 386           i        0            0.0        0            false        false     
428          Usage                                                              386           r        0            0.0        0            false        false     
440          PK                                                                 386           i        0            0.0        0            false        false     
443          VDBResources                                                       386           r        0            0.0        0            false        false     
446          PK                                                                 386           i        0            0.0        0            false        false     
448          Views                                                              386           r        0            0.0        0            false        false     
454          PK                                                                 386           i        0            0.0        0            false        false     
458          UNIQUE0                                                            386           i        0            0.0        0            false        false     
519          matpg_datatype                                                     518           v        0            0.0        0            false        false     
525          matpg_datatype_names                                               518           i        0            0.0        0            false        false     
528          matpg_datatype_ids                                                 518           i        0            0.0        0            false        false     
531          matpg_relatt                                                       518           v        0            0.0        0            false        false     
539          pk_matpg_relatt_names                                              518           i        0            0.0        0            false        false     
543          idx_matpg_relatt_ids                                               518           i        0            0.0        0            false        false     
546          pg_am                                                              518           v        0            0.0        0            false        false     
549          pg_attrdef                                                         518           v        0            0.0        0            false        false     
554          pg_attribute                                                       518           v        0            0.0        0            false        false     
565          pk_pg_attr                                                         518           i        0            0.0        0            false        false     
567          pg_class                                                           518           v        0            0.0        0            false        false     
577          pk_pg_class                                                        518           i        0            0.0        0            false        false     
579          pg_database                                                        518           v        0            0.0        0            false        false     
589          pg_description                                                     518           v        0            0.0        0            false        false     
594          pg_index                                                           518           v        0            0.0        0            false        false     
605          pk_pg_index                                                        518           i        0            0.0        0            false        false     
607          pg_namespace                                                       518           v        0            0.0        0            false        false     
610          pg_proc                                                            518           v        0            0.0        0            false        false     
621          pk_pg_proc                                                         518           i        0            0.0        0            false        false     
623          pg_trigger                                                         518           v        0            0.0        0            false        false     
633          pg_type                                                            518           v        0            0.0        0            false        false     
646          pg_user                                                            518           v        0            0.0        0            false        false     
Row Count : 84
getColumnName  getColumnType  getCatalogName  getColumnClassName  getColumnLabel  getColumnTypeName  getSchemaName  getTableName  getColumnDisplaySize  getPrecision  getScale  isAutoIncrement  isCaseSensitive  isCurrency  isDefinitelyWritable  isNullable  isReadOnly  isSearchable  isSigned  isWritable  
oid            4              PartsSupplier   java.lang.Integer   oid             integer            pg_catalog     pg_class      11                    10            0         false            false            false       false                 1           true        true          true      false       
relname        12             PartsSupplier   java.lang.String    relname         string             pg_catalog     pg_class      4000                  4000          0         false            true             false       false                 1           true        true          false     false       
relnamespace   4              PartsSupplier   java.lang.Integer   relnamespace    integer            pg_catalog     pg_class      11                    10            0         false            false            false       false                 1           true        true          true      false       
relkind        1              PartsSupplier   java.lang.String    relkind         char               pg_catalog     pg_class      1                     1             0         false            true             false       false                 1           true        true          false     false       
relam          4              PartsSupplier   java.lang.Integer   relam           integer            pg_catalog     pg_class      11                    10            0         false            false            false       false                 1           true        true          true      false       
reltuples      7              PartsSupplier   java.lang.Float     reltuples       float              pg_catalog     pg_class      9                     7             3         false            false            false       false                 1           true        true          true      false       
relpages       4              PartsSupplier   java.lang.Integer   relpages        integer            pg_catalog     pg_class      11                    10            0         false            false            false       false                 1           true        true          true      false       
relhasrules    -7             PartsSupplier   java.lang.Boolean   relhasrules     boolean            pg_catalog     pg_class      5                     1             0         false            false            false       false                 1           true        true          false     false       
relhasoids     -7             PartsSupplier   java.lang.Boolean   relhasoids      boolean            pg_catalog     pg_class      5                     1             0         false            false            false       false                 1           true        true          false     false       
