string                                                             string                                                             string                                                             string                                                             string                                                             string                                                             string                boolean    string                                              string                                              integer    
VDBName                                                            SchemaName                                                         TableName                                                          Name                                                               Description                                                        NameInSource                                                       Type                  IsIndexed  RefKeyUID                                           UID                                                 OID        
PartsSupplier                                                      SYS                                                                Columns                                                            FK0                                                                <null>                                                             <null>                                                             Foreign               false      tid:2cb59cfd55db-b8dc6399-000000c3                  tid:2cb59cfd55db-f9cb2344-00000022                  <null>     
PartsSupplier                                                      SYS                                                                FunctionParams                                                     FK0                                                                <null>                                                             <null>                                                             Foreign               false      tid:2cb59cfd55db-b26c425d-00000092                  tid:2cb59cfd55db-a4593dfd-00000089                  <null>     
PartsSupplier                                                      SYS                                                                Functions                                                          FK0                                                                <null>                                                             <null>                                                             Foreign               false      tid:2cb59cfd55db-bd148597-000000b3                  tid:2cb59cfd55db-b26d486d-00000093                  <null>     
PartsSupplier                                                      SYS                                                                KeyColumns                                                         FK0                                                                <null>                                                             <null>                                                             Foreign               false      tid:2cb59cfd55db-b8dc6399-000000c3                  tid:2cb59cfd55db-47768c18-00000046                  <null>     
PartsSupplier                                                      SYS                                                                Keys                                                               FK0                                                                <null>                                                             <null>                                                             Foreign               false      tid:2cb59cfd55db-b8dc6399-000000c3                  tid:2cb59cfd55db-885caaa7-00000055                  <null>     
PartsSupplier                                                      SYS                                                                ProcedureParams                                                    FK0                                                                <null>                                                             <null>                                                             Foreign               false      tid:2cb59cfd55db-3ee6c4df-00000074                  tid:2cb59cfd55db-b9041e3d-00000069                  <null>     
PartsSupplier                                                      SYS                                                                Procedures                                                         FK0                                                                <null>                                                             <null>                                                             Foreign               false      tid:2cb59cfd55db-bd148597-000000b3                  tid:2cb59cfd55db-3ee7caef-00000075                  <null>     
PartsSupplier                                                      SYS                                                                Tables                                                             FK0                                                                <null>                                                             <null>                                                             Foreign               false      tid:2cb59cfd55db-bd148597-000000b3                  tid:2cb59cfd55db-b8dd69a9-000000c4                  <null>     
PartsSupplier                                                      PartsSupplier                                                      PARTSSUPPLIER.SUPPLIER_PARTS                                       FK_SPLIER_PRTS_PRTS                                                <null>                                                             FK_SPLIER_PRTS_PRTS                                                Foreign               false      mmuuid:07db4240-73ff-1edc-a81c-ecf397b10590         mmuuid:66ddc4c0-73ff-1edc-a81c-ecf397b10590         <null>     
PartsSupplier                                                      PartsSupplier                                                      PARTSSUPPLIER.SUPPLIER                                             FK_SPLIER_STATS                                                    <null>                                                             FK_SPLIER_STATS                                                    Foreign               false      mmuuid:25a8a740-73ff-1edc-a81c-ecf397b10590         mmuuid:5ac43c00-73ff-1edc-a81c-ecf397b10590         <null>     
PartsSupplier                                                      PartsSupplier                                                      PARTSSUPPLIER.SUPPLIER_PARTS                                       FK_SPLY_PRTS_SPLY                                                  <null>                                                             FK_SPLY_PRTS_SPLY                                                  Foreign               false      mmuuid:375c8380-73ff-1edc-a81c-ecf397b10590         mmuuid:66ddc4c1-73ff-1edc-a81c-ecf397b10590         <null>     
PartsSupplier                                                      SYS                                                                Columns                                                            PK                                                                 <null>                                                             <null>                                                             Primary               false      <null>                                              tid:2cb59cfd55db-f9ca1d34-00000021                  <null>     
PartsSupplier                                                      SYS                                                                DataTypes                                                          PK                                                                 <null>                                                             <null>                                                             Primary               false      <null>                                              tid:2cb59cfd55db-8366f98d-00000038                  <null>     
PartsSupplier                                                      SYS                                                                FunctionParams                                                     PK                                                                 <null>                                                             <null>                                                             Primary               false      <null>                                              tid:2cb59cfd55db-a45837ed-00000088                  <null>     
PartsSupplier                                                      SYS                                                                Functions                                                          PK                                                                 <null>                                                             <null>                                                             Primary               false      <null>                                              tid:2cb59cfd55db-b26c425d-00000092                  <null>     
PartsSupplier                                                      SYS                                                                KeyColumns                                                         PK                                                                 <null>                                                             <null>                                                             Primary               false      <null>                                              tid:2cb59cfd55db-47758608-00000045                  <null>     
PartsSupplier                                                      SYS                                                                Keys                                                               PK                                                                 <null>                                                             <null>                                                             Primary               false      <null>                                              tid:2cb59cfd55db-885ba497-00000054                  <null>     
PartsSupplier                                                      SYS                                                                ProcedureParams                                                    PK                                                                 <null>                                                             <null>                                                             Primary               false      <null>                                              tid:2cb59cfd55db-b903182d-00000068                  <null>     
PartsSupplier                                                      SYS                                                                Procedures                                                         PK                                                                 <null>                                                             <null>                                                             Primary               false      <null>                                              tid:2cb59cfd55db-3ee6c4df-00000074                  <null>     
PartsSupplier                                                      SYS                                                                Schemas                                                            PK                                                                 <null>                                                             <null>                                                             Primary               false      <null>                                              tid:2cb59cfd55db-bd148597-000000b3                  <null>     
PartsSupplier                                                      SYS                                                                spatial_ref_sys                                                    PK                                                                 <null>                                                             <null>                                                             Primary               false      <null>                                              tid:2cb59cfd55db-5acb927d-000000d0                  <null>     
PartsSupplier                                                      SYS                                                                Tables                                                             PK                                                                 <null>                                                             <null>                                                             Primary               false      <null>                                              tid:2cb59cfd55db-b8dc6399-000000c3                  <null>     
PartsSupplier                                                      SYS                                                                VirtualDatabases                                                   PK                                                                 <null>                                                             <null>                                                             Primary               false      <null>                                              tid:2cb59cfd55db-afd1d40f-000000c9                  <null>     
PartsSupplier                                                      SYSADMIN                                                           MatViews                                                           PK                                                                 <null>                                                             <null>                                                             Primary               false      <null>                                              tid:60b87e792634-d67a9241-00000018                  <null>     
PartsSupplier                                                      SYSADMIN                                                           StoredProcedures                                                   PK                                                                 <null>                                                             <null>                                                             Primary               false      <null>                                              tid:60b87e792634-efb4c499-00000036                  <null>     
PartsSupplier                                                      SYSADMIN                                                           Triggers                                                           PK                                                                 <null>                                                             <null>                                                             Primary               false      <null>                                              tid:60b87e792634-e9ce2e51-00000027                  <null>     
PartsSupplier                                                      SYSADMIN                                                           Usage                                                              PK                                                                 <null>                                                             <null>                                                             Primary               false      <null>                                              tid:60b87e792634-36867ce1-0000000d                  <null>     
PartsSupplier                                                      SYSADMIN                                                           VDBResources                                                       PK                                                                 <null>                                                             <null>                                                             Primary               false      <null>                                              tid:60b87e792634-4e2f379e-0000001c                  <null>     
PartsSupplier                                                      SYSADMIN                                                           Views                                                              PK                                                                 <null>                                                             <null>                                                             Primary               false      <null>                                              tid:60b87e792634-7277c828-0000002e                  <null>     
PartsSupplier                                                      PartsSupplier                                                      PARTSSUPPLIER.PARTS                                                PK_PARTS                                                           <null>                                                             <null>                                                             Primary               false      <null>                                              mmuuid:07db4240-73ff-1edc-a81c-ecf397b10590         <null>     
PartsSupplier                                                      PartsSupplier                                                      PARTSSUPPLIER.SHIP_VIA                                             PK_SHIP_VIA                                                        <null>                                                             <null>                                                             Primary               false      <null>                                              mmuuid:18aa3cc0-73ff-1edc-a81c-ecf397b10590         <null>     
PartsSupplier                                                      PartsSupplier                                                      PARTSSUPPLIER.STATUS                                               PK_STATUS                                                          <null>                                                             <null>                                                             Primary               false      <null>                                              mmuuid:25a8a740-73ff-1edc-a81c-ecf397b10590         <null>     
PartsSupplier                                                      PartsSupplier                                                      PARTSSUPPLIER.SUPPLIER                                             PK_SUPPLIER                                                        <null>                                                             <null>                                                             Primary               false      <null>                                              mmuuid:375c8380-73ff-1edc-a81c-ecf397b10590         <null>     
PartsSupplier                                                      PartsSupplier                                                      PARTSSUPPLIER.SUPPLIER_PARTS                                       PK_SUPPLIER_PARTS                                                  <null>                                                             <null>                                                             Primary               false      <null>                                              mmuuid:455e5440-73ff-1edc-a81c-ecf397b10590         <null>     
PartsSupplier                                                      SYS                                                                Columns                                                            UNIQUE0                                                            <null>                                                             <null>                                                             Unique                false      <null>                                              tid:2cb59cfd55db-13808db8-00000023                  <null>     
PartsSupplier                                                      SYS                                                                DataTypes                                                          UNIQUE0                                                            <null>                                                             <null>                                                             Unique                false      <null>                                              tid:2cb59cfd55db-9d1d6a11-00000039                  <null>     
PartsSupplier                                                      SYS                                                                FunctionParams                                                     UNIQUE0                                                            <null>                                                             <null>                                                             Unique                false      <null>                                              tid:2cb59cfd55db-be0ea871-00000087                  <null>     
PartsSupplier                                                      SYS                                                                Functions                                                          UNIQUE0                                                            <null>                                                             <null>                                                             Unique                false      <null>                                              tid:2cb59cfd55db-cc22b2e1-00000094                  <null>     
PartsSupplier                                                      SYS                                                                KeyColumns                                                         UNIQUE0                                                            <null>                                                             <null>                                                             Unique                false      <null>                                              tid:2cb59cfd55db-612bf68c-00000047                  <null>     
PartsSupplier                                                      SYS                                                                Keys                                                               UNIQUE0                                                            <null>                                                             <null>                                                             Unique                false      <null>                                              tid:2cb59cfd55db-a212151b-00000056                  <null>     
PartsSupplier                                                      SYS                                                                ProcedureParams                                                    UNIQUE0                                                            <null>                                                             <null>                                                             Unique                false      <null>                                              tid:2cb59cfd55db-d2b988b1-0000006a                  <null>     
PartsSupplier                                                      SYS                                                                Procedures                                                         UNIQUE0                                                            <null>                                                             <null>                                                             Unique                false      <null>                                              tid:2cb59cfd55db-589d3563-00000076                  <null>     
PartsSupplier                                                      SYS                                                                Properties                                                         UNIQUE0                                                            <null>                                                             <null>                                                             Unique                false      <null>                                              tid:2cb59cfd55db-248610af-0000009b                  <null>     
PartsSupplier                                                      SYS                                                                Schemas                                                            UNIQUE0                                                            <null>                                                             <null>                                                             Unique                false      <null>                                              tid:2cb59cfd55db-d6caf61b-000000b4                  <null>     
PartsSupplier                                                      SYS                                                                Tables                                                             UNIQUE0                                                            <null>                                                             <null>                                                             Unique                false      <null>                                              tid:2cb59cfd55db-d292d41d-000000c5                  <null>     
PartsSupplier                                                      SYSADMIN                                                           StoredProcedures                                                   UNIQUE0                                                            <null>                                                             <null>                                                             Unique                false      <null>                                              tid:60b87e792634-096b351d-00000037                  <null>     
PartsSupplier                                                      SYSADMIN                                                           Views                                                              UNIQUE0                                                            <null>                                                             <null>                                                             Unique                false      <null>                                              tid:60b87e792634-8c2e38ac-0000002f                  <null>     
PartsSupplier                                                      pg_catalog                                                         matpg_relatt                                                       idx_matpg_relatt_ids                                               <null>                                                             <null>                                                             Index                 false      <null>                                              tid:7ff2755e9621-2a649087-0000006a                  <null>     
PartsSupplier                                                      pg_catalog                                                         matpg_datatype                                                     matpg_datatype_ids                                                 <null>                                                             <null>                                                             Index                 false      <null>                                              tid:7ff2755e9621-ed0fad07-00000072                  <null>     
PartsSupplier                                                      pg_catalog                                                         matpg_datatype                                                     matpg_datatype_names                                               <null>                                                             <null>                                                             Primary               false      <null>                                              tid:7ff2755e9621-e36b5e57-00000071                  <null>     
PartsSupplier                                                      pg_catalog                                                         matpg_relatt                                                       pk_matpg_relatt_names                                              <null>                                                             <null>                                                             Primary               false      <null>                                              tid:7ff2755e9621-965abc59-00000069                  <null>     
PartsSupplier                                                      pg_catalog                                                         pg_attribute                                                       pk_pg_attr                                                         <null>                                                             <null>                                                             Primary               false      <null>                                              tid:7ff2755e9621-db38c73a-0000001a                  <null>     
PartsSupplier                                                      pg_catalog                                                         pg_class                                                           pk_pg_class                                                        <null>                                                             <null>                                                             Primary               false      <null>                                              tid:7ff2755e9621-265d38e8-0000000e                  <null>     
PartsSupplier                                                      pg_catalog                                                         pg_index                                                           pk_pg_index                                                        <null>                                                             <null>                                                             Primary               false      <null>                                              tid:7ff2755e9621-dd3e1473-00000033                  <null>     
PartsSupplier                                                      pg_catalog                                                         pg_proc                                                            pk_pg_proc                                                         <null>                                                             <null>                                                             Primary               false      <null>                                              tid:7ff2755e9621-2e2ffabe-00000042                  <null>     
Row Count : 55
getColumnName  getColumnType  getCatalogName  getColumnClassName  getColumnLabel  getColumnTypeName  getSchemaName  getTableName  getColumnDisplaySize  getPrecision  getScale  isAutoIncrement  isCaseSensitive  isCurrency  isDefinitelyWritable  isNullable  isReadOnly  isSearchable  isSigned  isWritable  
VDBName        12             PartsSupplier   java.lang.String    VDBName         string             SYS            Keys          255                   255           0         false            true             false       false                 0           true        true          false     false       
SchemaName     12             PartsSupplier   java.lang.String    SchemaName      string             SYS            Keys          255                   255           0         false            true             false       false                 1           true        true          false     false       
TableName      12             PartsSupplier   java.lang.String    TableName       string             SYS            Keys          2048                  2048          0         false            true             false       false                 0           true        true          false     false       
Name           12             PartsSupplier   java.lang.String    Name            string             SYS            Keys          255                   255           0         false            true             false       false                 0           true        true          false     false       
Description    12             PartsSupplier   java.lang.String    Description     string             SYS            Keys          255                   255           0         false            true             false       false                 1           true        true          false     false       
NameInSource   12             PartsSupplier   java.lang.String    NameInSource    string             SYS            Keys          255                   255           0         false            true             false       false                 1           true        true          false     false       
Type           12             PartsSupplier   java.lang.String    Type            string             SYS            Keys          20                    20            0         false            true             false       false                 0           true        true          false     false       
IsIndexed      -7             PartsSupplier   java.lang.Boolean   IsIndexed       boolean            SYS            Keys          5                     1             0         false            false            false       false                 0           true        true          false     false       
RefKeyUID      12             PartsSupplier   java.lang.String    RefKeyUID       string             SYS            Keys          50                    50            0         false            true             false       false                 1           true        true          false     false       
UID            12             PartsSupplier   java.lang.String    UID             string             SYS            Keys          50                    50            0         false            true             false       false                 0           true        true          false     false       
OID            4              PartsSupplier   java.lang.Integer   OID             integer            SYS            Keys          11                    10            0         false            false            false       false                 1           true        true          true      false       
